Archive member included to satisfy reference by file (symbol)

c:/program files (x86)/atmel/avr tools/avr toolchain/bin/../lib/gcc/avr/4.9.2/avr5\libgcc.a(_divmodhi4.o)
                              ./main.o (__divmodhi4)
c:/program files (x86)/atmel/avr tools/avr toolchain/bin/../lib/gcc/avr/4.9.2/avr5\libgcc.a(_exit.o)
                              c:/program files (x86)/atmel/avr tools/avr toolchain/bin/../lib/gcc/avr/4.9.2/../../../../avr/lib/avr5/crtatmega328p.o (exit)
c:/program files (x86)/atmel/avr tools/avr toolchain/bin/../lib/gcc/avr/4.9.2/avr5\libgcc.a(_copy_data.o)
                              ./ds18x20.o (__do_copy_data)
c:/program files (x86)/atmel/avr tools/avr toolchain/bin/../lib/gcc/avr/4.9.2/avr5\libgcc.a(_clear_bss.o)
                              ./ds18x20.o (__do_clear_bss)
c:/program files (x86)/atmel/avr tools/avr toolchain/bin/../lib/gcc/avr/4.9.2/avr5\libgcc.a(_udivmodhi4.o)
                              c:/program files (x86)/atmel/avr tools/avr toolchain/bin/../lib/gcc/avr/4.9.2/avr5\libgcc.a(_divmodhi4.o) (__udivmodhi4)
c:/program files (x86)/atmel/avr tools/avr toolchain/bin/../lib/gcc/avr/4.9.2/../../../../avr/lib/avr5\libc.a(atoi.o)
                              ./komendy_at.o (atoi)
c:/program files (x86)/atmel/avr tools/avr toolchain/bin/../lib/gcc/avr/4.9.2/../../../../avr/lib/avr5\libc.a(strncasecmp_P.o)
                              ./komendy_at.o (strncasecmp_P)
c:/program files (x86)/atmel/avr tools/avr toolchain/bin/../lib/gcc/avr/4.9.2/../../../../avr/lib/avr5\libc.a(strtok.o)
                              ./komendy_at.o (strtok)
c:/program files (x86)/atmel/avr tools/avr toolchain/bin/../lib/gcc/avr/4.9.2/../../../../avr/lib/avr5\libc.a(strcasecmp.o)
                              ./komendy_at.o (strcasecmp)
c:/program files (x86)/atmel/avr tools/avr toolchain/bin/../lib/gcc/avr/4.9.2/../../../../avr/lib/avr5\libc.a(strchr.o)
                              ./komendy_at.o (strchr)
c:/program files (x86)/atmel/avr tools/avr toolchain/bin/../lib/gcc/avr/4.9.2/../../../../avr/lib/avr5\libc.a(strncasecmp.o)
                              ./komendy_at.o (strncasecmp)
c:/program files (x86)/atmel/avr tools/avr toolchain/bin/../lib/gcc/avr/4.9.2/../../../../avr/lib/avr5\libc.a(strpbrk.o)
                              ./komendy_at.o (strpbrk)
c:/program files (x86)/atmel/avr tools/avr toolchain/bin/../lib/gcc/avr/4.9.2/../../../../avr/lib/avr5\libc.a(strtok_r.o)
                              ./komendy_at.o (strtok_r)
c:/program files (x86)/atmel/avr tools/avr toolchain/bin/../lib/gcc/avr/4.9.2/../../../../avr/lib/avr5\libc.a(itoa.o)
                              ./mkuart.o (__itoa)
c:/program files (x86)/atmel/avr tools/avr toolchain/bin/../lib/gcc/avr/4.9.2/../../../../avr/lib/avr5\libc.a(itoa_ncheck.o)
                              c:/program files (x86)/atmel/avr tools/avr toolchain/bin/../lib/gcc/avr/4.9.2/../../../../avr/lib/avr5\libc.a(itoa.o) (__itoa_ncheck)
c:/program files (x86)/atmel/avr tools/avr toolchain/bin/../lib/gcc/avr/4.9.2/../../../../avr/lib/avr5\libc.a(mul10.o)
                              c:/program files (x86)/atmel/avr tools/avr toolchain/bin/../lib/gcc/avr/4.9.2/../../../../avr/lib/avr5\libc.a(atoi.o) (__mulhi_const_10)
c:/program files (x86)/atmel/avr tools/avr toolchain/bin/../lib/gcc/avr/4.9.2/../../../../avr/lib/avr5\libc.a(utoa_ncheck.o)
                              c:/program files (x86)/atmel/avr tools/avr toolchain/bin/../lib/gcc/avr/4.9.2/../../../../avr/lib/avr5\libc.a(itoa_ncheck.o) (__utoa_common)
c:/program files (x86)/atmel/avr tools/avr toolchain/bin/../lib/gcc/avr/4.9.2/../../../../avr/lib/avr5\libc.a(strrev.o)
                              c:/program files (x86)/atmel/avr tools/avr toolchain/bin/../lib/gcc/avr/4.9.2/../../../../avr/lib/avr5\libc.a(utoa_ncheck.o) (strrev)

Allocating common symbols
Common symbol       size              file

UART_TxHead         0x1               ./mkuart.o
sekundy             0x1               ./timer.o
sek_flag            0x1               ./timer.o
nrf_rx_buffer       0x3               ./nrf24.o
ascii_line          0x1               ./mkuart.o
TX_flag             0x1               ./nrf24.o
nRF_TX_buf          0x15              ./komendy_at.o
int1_flag           0x1               ./power_save.o
UART_TxTail         0x1               ./mkuart.o
onew_n              0x1               ./main.o
cel_fract_bits      0x1               ./main.o
licznik             0x1               ./main.o
subzero             0x1               ./main.o
bufor               0x64              ./main.o
ds_err              0x1               ./main.o
cel                 0x1               ./main.o
MAX_RT_flag         0x1               ./nrf24.o
RX_flag             0x1               ./nrf24.o
UART_TxBuf          0x2               ./mkuart.o
gSensorIDs          0x8               ./ds18x20.o
UART_RxHead         0x1               ./mkuart.o
UART_RxTail         0x1               ./mkuart.o
UART_RxBuf          0x20              ./mkuart.o

Discarded input sections

 .data          0x00000000        0x0 c:/program files (x86)/atmel/avr tools/avr toolchain/bin/../lib/gcc/avr/4.9.2/../../../../avr/lib/avr5/crtatmega328p.o
 .bss           0x00000000        0x0 c:/program files (x86)/atmel/avr tools/avr toolchain/bin/../lib/gcc/avr/4.9.2/../../../../avr/lib/avr5/crtatmega328p.o
 .text          0x00000000        0x0 ./crc8.o
 .data          0x00000000        0x0 ./crc8.o
 .bss           0x00000000        0x0 ./crc8.o
 .text          0x00000000        0x0 ./ds18x20.o
 .data          0x00000000        0x0 ./ds18x20.o
 .bss           0x00000000        0x0 ./ds18x20.o
 .text.DS18X20_get_power_status
                0x00000000       0x34 ./ds18x20.o
 .text.DS18X20_read_meas
                0x00000000       0xba ./ds18x20.o
 .text          0x00000000        0x0 ./komendy_at.o
 .data          0x00000000        0x0 ./komendy_at.o
 .bss           0x00000000        0x0 ./komendy_at.o
 .text          0x00000000        0x0 ./main.o
 .data          0x00000000        0x0 ./main.o
 .bss           0x00000000        0x0 ./main.o
 .text          0x00000000        0x0 ./mkuart.o
 .data          0x00000000        0x0 ./mkuart.o
 .bss           0x00000000        0x0 ./mkuart.o
 .text          0x00000000        0x0 ./nrf24.o
 .data          0x00000000        0x0 ./nrf24.o
 .bss           0x00000000        0x0 ./nrf24.o
 .text.nrf_get_payload_length
                0x00000000       0x12 ./nrf24.o
 .text.register_nRF_IRQ_EVENT_Callback
                0x00000000        0xa ./nrf24.o
 .text.nrf_set_r_address
                0x00000000        0xa ./nrf24.o
 .text.nrf_get_fifo_status
                0x00000000        0xa ./nrf24.o
 .text.nrf_send_string
                0x00000000       0x58 ./nrf24.o
 .bss.nRF_IRQ_EVENT_Callback
                0x00000000        0x2 ./nrf24.o
 .text          0x00000000        0x0 ./onewire.o
 .data          0x00000000        0x0 ./onewire.o
 .bss           0x00000000        0x0 ./onewire.o
 .text.ow_parasite_disable
                0x00000000        0x6 ./onewire.o
 .text          0x00000000        0x0 ./power_save.o
 .data          0x00000000        0x0 ./power_save.o
 .bss           0x00000000        0x0 ./power_save.o
 .text          0x00000000        0x0 ./spi.o
 .data          0x00000000        0x0 ./spi.o
 .bss           0x00000000        0x0 ./spi.o
 .text          0x00000000        0x0 ./timer.o
 .data          0x00000000        0x0 ./timer.o
 .bss           0x00000000        0x0 ./timer.o
 .text          0x00000000        0x0 c:/program files (x86)/atmel/avr tools/avr toolchain/bin/../lib/gcc/avr/4.9.2/avr5\libgcc.a(_divmodhi4.o)
 .data          0x00000000        0x0 c:/program files (x86)/atmel/avr tools/avr toolchain/bin/../lib/gcc/avr/4.9.2/avr5\libgcc.a(_divmodhi4.o)
 .bss           0x00000000        0x0 c:/program files (x86)/atmel/avr tools/avr toolchain/bin/../lib/gcc/avr/4.9.2/avr5\libgcc.a(_divmodhi4.o)
 .text.libgcc.mul
                0x00000000        0x0 c:/program files (x86)/atmel/avr tools/avr toolchain/bin/../lib/gcc/avr/4.9.2/avr5\libgcc.a(_divmodhi4.o)
 .text.libgcc   0x00000000        0x0 c:/program files (x86)/atmel/avr tools/avr toolchain/bin/../lib/gcc/avr/4.9.2/avr5\libgcc.a(_divmodhi4.o)
 .text.libgcc.prologue
                0x00000000        0x0 c:/program files (x86)/atmel/avr tools/avr toolchain/bin/../lib/gcc/avr/4.9.2/avr5\libgcc.a(_divmodhi4.o)
 .text.libgcc.builtins
                0x00000000        0x0 c:/program files (x86)/atmel/avr tools/avr toolchain/bin/../lib/gcc/avr/4.9.2/avr5\libgcc.a(_divmodhi4.o)
 .text.libgcc.fmul
                0x00000000        0x0 c:/program files (x86)/atmel/avr tools/avr toolchain/bin/../lib/gcc/avr/4.9.2/avr5\libgcc.a(_divmodhi4.o)
 .text.libgcc.fixed
                0x00000000        0x0 c:/program files (x86)/atmel/avr tools/avr toolchain/bin/../lib/gcc/avr/4.9.2/avr5\libgcc.a(_divmodhi4.o)
 .text          0x00000000        0x0 c:/program files (x86)/atmel/avr tools/avr toolchain/bin/../lib/gcc/avr/4.9.2/avr5\libgcc.a(_exit.o)
 .data          0x00000000        0x0 c:/program files (x86)/atmel/avr tools/avr toolchain/bin/../lib/gcc/avr/4.9.2/avr5\libgcc.a(_exit.o)
 .bss           0x00000000        0x0 c:/program files (x86)/atmel/avr tools/avr toolchain/bin/../lib/gcc/avr/4.9.2/avr5\libgcc.a(_exit.o)
 .text.libgcc.mul
                0x00000000        0x0 c:/program files (x86)/atmel/avr tools/avr toolchain/bin/../lib/gcc/avr/4.9.2/avr5\libgcc.a(_exit.o)
 .text.libgcc.div
                0x00000000        0x0 c:/program files (x86)/atmel/avr tools/avr toolchain/bin/../lib/gcc/avr/4.9.2/avr5\libgcc.a(_exit.o)
 .text.libgcc   0x00000000        0x0 c:/program files (x86)/atmel/avr tools/avr toolchain/bin/../lib/gcc/avr/4.9.2/avr5\libgcc.a(_exit.o)
 .text.libgcc.prologue
                0x00000000        0x0 c:/program files (x86)/atmel/avr tools/avr toolchain/bin/../lib/gcc/avr/4.9.2/avr5\libgcc.a(_exit.o)
 .text.libgcc.builtins
                0x00000000        0x0 c:/program files (x86)/atmel/avr tools/avr toolchain/bin/../lib/gcc/avr/4.9.2/avr5\libgcc.a(_exit.o)
 .text.libgcc.fmul
                0x00000000        0x0 c:/program files (x86)/atmel/avr tools/avr toolchain/bin/../lib/gcc/avr/4.9.2/avr5\libgcc.a(_exit.o)
 .text.libgcc.fixed
                0x00000000        0x0 c:/program files (x86)/atmel/avr tools/avr toolchain/bin/../lib/gcc/avr/4.9.2/avr5\libgcc.a(_exit.o)
 .text          0x00000000        0x0 c:/program files (x86)/atmel/avr tools/avr toolchain/bin/../lib/gcc/avr/4.9.2/avr5\libgcc.a(_copy_data.o)
 .data          0x00000000        0x0 c:/program files (x86)/atmel/avr tools/avr toolchain/bin/../lib/gcc/avr/4.9.2/avr5\libgcc.a(_copy_data.o)
 .bss           0x00000000        0x0 c:/program files (x86)/atmel/avr tools/avr toolchain/bin/../lib/gcc/avr/4.9.2/avr5\libgcc.a(_copy_data.o)
 .text.libgcc.mul
                0x00000000        0x0 c:/program files (x86)/atmel/avr tools/avr toolchain/bin/../lib/gcc/avr/4.9.2/avr5\libgcc.a(_copy_data.o)
 .text.libgcc.div
                0x00000000        0x0 c:/program files (x86)/atmel/avr tools/avr toolchain/bin/../lib/gcc/avr/4.9.2/avr5\libgcc.a(_copy_data.o)
 .text.libgcc   0x00000000        0x0 c:/program files (x86)/atmel/avr tools/avr toolchain/bin/../lib/gcc/avr/4.9.2/avr5\libgcc.a(_copy_data.o)
 .text.libgcc.prologue
                0x00000000        0x0 c:/program files (x86)/atmel/avr tools/avr toolchain/bin/../lib/gcc/avr/4.9.2/avr5\libgcc.a(_copy_data.o)
 .text.libgcc.builtins
                0x00000000        0x0 c:/program files (x86)/atmel/avr tools/avr toolchain/bin/../lib/gcc/avr/4.9.2/avr5\libgcc.a(_copy_data.o)
 .text.libgcc.fmul
                0x00000000        0x0 c:/program files (x86)/atmel/avr tools/avr toolchain/bin/../lib/gcc/avr/4.9.2/avr5\libgcc.a(_copy_data.o)
 .text.libgcc.fixed
                0x00000000        0x0 c:/program files (x86)/atmel/avr tools/avr toolchain/bin/../lib/gcc/avr/4.9.2/avr5\libgcc.a(_copy_data.o)
 .text          0x00000000        0x0 c:/program files (x86)/atmel/avr tools/avr toolchain/bin/../lib/gcc/avr/4.9.2/avr5\libgcc.a(_clear_bss.o)
 .data          0x00000000        0x0 c:/program files (x86)/atmel/avr tools/avr toolchain/bin/../lib/gcc/avr/4.9.2/avr5\libgcc.a(_clear_bss.o)
 .bss           0x00000000        0x0 c:/program files (x86)/atmel/avr tools/avr toolchain/bin/../lib/gcc/avr/4.9.2/avr5\libgcc.a(_clear_bss.o)
 .text.libgcc.mul
                0x00000000        0x0 c:/program files (x86)/atmel/avr tools/avr toolchain/bin/../lib/gcc/avr/4.9.2/avr5\libgcc.a(_clear_bss.o)
 .text.libgcc.div
                0x00000000        0x0 c:/program files (x86)/atmel/avr tools/avr toolchain/bin/../lib/gcc/avr/4.9.2/avr5\libgcc.a(_clear_bss.o)
 .text.libgcc   0x00000000        0x0 c:/program files (x86)/atmel/avr tools/avr toolchain/bin/../lib/gcc/avr/4.9.2/avr5\libgcc.a(_clear_bss.o)
 .text.libgcc.prologue
                0x00000000        0x0 c:/program files (x86)/atmel/avr tools/avr toolchain/bin/../lib/gcc/avr/4.9.2/avr5\libgcc.a(_clear_bss.o)
 .text.libgcc.builtins
                0x00000000        0x0 c:/program files (x86)/atmel/avr tools/avr toolchain/bin/../lib/gcc/avr/4.9.2/avr5\libgcc.a(_clear_bss.o)
 .text.libgcc.fmul
                0x00000000        0x0 c:/program files (x86)/atmel/avr tools/avr toolchain/bin/../lib/gcc/avr/4.9.2/avr5\libgcc.a(_clear_bss.o)
 .text.libgcc.fixed
                0x00000000        0x0 c:/program files (x86)/atmel/avr tools/avr toolchain/bin/../lib/gcc/avr/4.9.2/avr5\libgcc.a(_clear_bss.o)
 .text          0x00000000        0x0 c:/program files (x86)/atmel/avr tools/avr toolchain/bin/../lib/gcc/avr/4.9.2/avr5\libgcc.a(_udivmodhi4.o)
 .data          0x00000000        0x0 c:/program files (x86)/atmel/avr tools/avr toolchain/bin/../lib/gcc/avr/4.9.2/avr5\libgcc.a(_udivmodhi4.o)
 .bss           0x00000000        0x0 c:/program files (x86)/atmel/avr tools/avr toolchain/bin/../lib/gcc/avr/4.9.2/avr5\libgcc.a(_udivmodhi4.o)
 .text.libgcc.mul
                0x00000000        0x0 c:/program files (x86)/atmel/avr tools/avr toolchain/bin/../lib/gcc/avr/4.9.2/avr5\libgcc.a(_udivmodhi4.o)
 .text.libgcc   0x00000000        0x0 c:/program files (x86)/atmel/avr tools/avr toolchain/bin/../lib/gcc/avr/4.9.2/avr5\libgcc.a(_udivmodhi4.o)
 .text.libgcc.prologue
                0x00000000        0x0 c:/program files (x86)/atmel/avr tools/avr toolchain/bin/../lib/gcc/avr/4.9.2/avr5\libgcc.a(_udivmodhi4.o)
 .text.libgcc.builtins
                0x00000000        0x0 c:/program files (x86)/atmel/avr tools/avr toolchain/bin/../lib/gcc/avr/4.9.2/avr5\libgcc.a(_udivmodhi4.o)
 .text.libgcc.fmul
                0x00000000        0x0 c:/program files (x86)/atmel/avr tools/avr toolchain/bin/../lib/gcc/avr/4.9.2/avr5\libgcc.a(_udivmodhi4.o)
 .text.libgcc.fixed
                0x00000000        0x0 c:/program files (x86)/atmel/avr tools/avr toolchain/bin/../lib/gcc/avr/4.9.2/avr5\libgcc.a(_udivmodhi4.o)
 .text          0x00000000        0x0 c:/program files (x86)/atmel/avr tools/avr toolchain/bin/../lib/gcc/avr/4.9.2/../../../../avr/lib/avr5\libc.a(atoi.o)
 .data          0x00000000        0x0 c:/program files (x86)/atmel/avr tools/avr toolchain/bin/../lib/gcc/avr/4.9.2/../../../../avr/lib/avr5\libc.a(atoi.o)
 .bss           0x00000000        0x0 c:/program files (x86)/atmel/avr tools/avr toolchain/bin/../lib/gcc/avr/4.9.2/../../../../avr/lib/avr5\libc.a(atoi.o)
 .text          0x00000000        0x0 c:/program files (x86)/atmel/avr tools/avr toolchain/bin/../lib/gcc/avr/4.9.2/../../../../avr/lib/avr5\libc.a(strncasecmp_P.o)
 .data          0x00000000        0x0 c:/program files (x86)/atmel/avr tools/avr toolchain/bin/../lib/gcc/avr/4.9.2/../../../../avr/lib/avr5\libc.a(strncasecmp_P.o)
 .bss           0x00000000        0x0 c:/program files (x86)/atmel/avr tools/avr toolchain/bin/../lib/gcc/avr/4.9.2/../../../../avr/lib/avr5\libc.a(strncasecmp_P.o)
 .text          0x00000000        0x0 c:/program files (x86)/atmel/avr tools/avr toolchain/bin/../lib/gcc/avr/4.9.2/../../../../avr/lib/avr5\libc.a(strtok.o)
 .data          0x00000000        0x0 c:/program files (x86)/atmel/avr tools/avr toolchain/bin/../lib/gcc/avr/4.9.2/../../../../avr/lib/avr5\libc.a(strtok.o)
 .text          0x00000000        0x0 c:/program files (x86)/atmel/avr tools/avr toolchain/bin/../lib/gcc/avr/4.9.2/../../../../avr/lib/avr5\libc.a(strcasecmp.o)
 .data          0x00000000        0x0 c:/program files (x86)/atmel/avr tools/avr toolchain/bin/../lib/gcc/avr/4.9.2/../../../../avr/lib/avr5\libc.a(strcasecmp.o)
 .bss           0x00000000        0x0 c:/program files (x86)/atmel/avr tools/avr toolchain/bin/../lib/gcc/avr/4.9.2/../../../../avr/lib/avr5\libc.a(strcasecmp.o)
 .text          0x00000000        0x0 c:/program files (x86)/atmel/avr tools/avr toolchain/bin/../lib/gcc/avr/4.9.2/../../../../avr/lib/avr5\libc.a(strchr.o)
 .data          0x00000000        0x0 c:/program files (x86)/atmel/avr tools/avr toolchain/bin/../lib/gcc/avr/4.9.2/../../../../avr/lib/avr5\libc.a(strchr.o)
 .bss           0x00000000        0x0 c:/program files (x86)/atmel/avr tools/avr toolchain/bin/../lib/gcc/avr/4.9.2/../../../../avr/lib/avr5\libc.a(strchr.o)
 .text          0x00000000        0x0 c:/program files (x86)/atmel/avr tools/avr toolchain/bin/../lib/gcc/avr/4.9.2/../../../../avr/lib/avr5\libc.a(strncasecmp.o)
 .data          0x00000000        0x0 c:/program files (x86)/atmel/avr tools/avr toolchain/bin/../lib/gcc/avr/4.9.2/../../../../avr/lib/avr5\libc.a(strncasecmp.o)
 .bss           0x00000000        0x0 c:/program files (x86)/atmel/avr tools/avr toolchain/bin/../lib/gcc/avr/4.9.2/../../../../avr/lib/avr5\libc.a(strncasecmp.o)
 .text          0x00000000        0x0 c:/program files (x86)/atmel/avr tools/avr toolchain/bin/../lib/gcc/avr/4.9.2/../../../../avr/lib/avr5\libc.a(strpbrk.o)
 .data          0x00000000        0x0 c:/program files (x86)/atmel/avr tools/avr toolchain/bin/../lib/gcc/avr/4.9.2/../../../../avr/lib/avr5\libc.a(strpbrk.o)
 .bss           0x00000000        0x0 c:/program files (x86)/atmel/avr tools/avr toolchain/bin/../lib/gcc/avr/4.9.2/../../../../avr/lib/avr5\libc.a(strpbrk.o)
 .text          0x00000000        0x0 c:/program files (x86)/atmel/avr tools/avr toolchain/bin/../lib/gcc/avr/4.9.2/../../../../avr/lib/avr5\libc.a(strtok_r.o)
 .data          0x00000000        0x0 c:/program files (x86)/atmel/avr tools/avr toolchain/bin/../lib/gcc/avr/4.9.2/../../../../avr/lib/avr5\libc.a(strtok_r.o)
 .bss           0x00000000        0x0 c:/program files (x86)/atmel/avr tools/avr toolchain/bin/../lib/gcc/avr/4.9.2/../../../../avr/lib/avr5\libc.a(strtok_r.o)
 .text          0x00000000        0x0 c:/program files (x86)/atmel/avr tools/avr toolchain/bin/../lib/gcc/avr/4.9.2/../../../../avr/lib/avr5\libc.a(itoa.o)
 .data          0x00000000        0x0 c:/program files (x86)/atmel/avr tools/avr toolchain/bin/../lib/gcc/avr/4.9.2/../../../../avr/lib/avr5\libc.a(itoa.o)
 .bss           0x00000000        0x0 c:/program files (x86)/atmel/avr tools/avr toolchain/bin/../lib/gcc/avr/4.9.2/../../../../avr/lib/avr5\libc.a(itoa.o)
 .text          0x00000000        0x0 c:/program files (x86)/atmel/avr tools/avr toolchain/bin/../lib/gcc/avr/4.9.2/../../../../avr/lib/avr5\libc.a(itoa_ncheck.o)
 .data          0x00000000        0x0 c:/program files (x86)/atmel/avr tools/avr toolchain/bin/../lib/gcc/avr/4.9.2/../../../../avr/lib/avr5\libc.a(itoa_ncheck.o)
 .bss           0x00000000        0x0 c:/program files (x86)/atmel/avr tools/avr toolchain/bin/../lib/gcc/avr/4.9.2/../../../../avr/lib/avr5\libc.a(itoa_ncheck.o)
 .text          0x00000000        0x0 c:/program files (x86)/atmel/avr tools/avr toolchain/bin/../lib/gcc/avr/4.9.2/../../../../avr/lib/avr5\libc.a(mul10.o)
 .data          0x00000000        0x0 c:/program files (x86)/atmel/avr tools/avr toolchain/bin/../lib/gcc/avr/4.9.2/../../../../avr/lib/avr5\libc.a(mul10.o)
 .bss           0x00000000        0x0 c:/program files (x86)/atmel/avr tools/avr toolchain/bin/../lib/gcc/avr/4.9.2/../../../../avr/lib/avr5\libc.a(mul10.o)
 .text          0x00000000        0x0 c:/program files (x86)/atmel/avr tools/avr toolchain/bin/../lib/gcc/avr/4.9.2/../../../../avr/lib/avr5\libc.a(utoa_ncheck.o)
 .data          0x00000000        0x0 c:/program files (x86)/atmel/avr tools/avr toolchain/bin/../lib/gcc/avr/4.9.2/../../../../avr/lib/avr5\libc.a(utoa_ncheck.o)
 .bss           0x00000000        0x0 c:/program files (x86)/atmel/avr tools/avr toolchain/bin/../lib/gcc/avr/4.9.2/../../../../avr/lib/avr5\libc.a(utoa_ncheck.o)
 .text          0x00000000        0x0 c:/program files (x86)/atmel/avr tools/avr toolchain/bin/../lib/gcc/avr/4.9.2/../../../../avr/lib/avr5\libc.a(strrev.o)
 .data          0x00000000        0x0 c:/program files (x86)/atmel/avr tools/avr toolchain/bin/../lib/gcc/avr/4.9.2/../../../../avr/lib/avr5\libc.a(strrev.o)
 .bss           0x00000000        0x0 c:/program files (x86)/atmel/avr tools/avr toolchain/bin/../lib/gcc/avr/4.9.2/../../../../avr/lib/avr5\libc.a(strrev.o)

Memory Configuration

Name             Origin             Length             Attributes
text             0x00000000         0x00020000         xr
data             0x00800060         0x0000ffa0         rw !x
eeprom           0x00810000         0x00010000         rw !x
fuse             0x00820000         0x00000400         rw !x
lock             0x00830000         0x00000400         rw !x
signature        0x00840000         0x00000400         rw !x
user_signatures  0x00850000         0x00000400         rw !x
*default*        0x00000000         0xffffffff

Linker script and memory map

Address of section .data set to 0x800100
LOAD c:/program files (x86)/atmel/avr tools/avr toolchain/bin/../lib/gcc/avr/4.9.2/../../../../avr/lib/avr5/crtatmega328p.o
LOAD ./crc8.o
LOAD ./ds18x20.o
LOAD ./komendy_at.o
LOAD ./main.o
LOAD ./mkuart.o
LOAD ./nrf24.o
LOAD ./onewire.o
LOAD ./power_save.o
LOAD ./spi.o
LOAD ./timer.o
START GROUP
LOAD c:/program files (x86)/atmel/avr tools/avr toolchain/bin/../lib/gcc/avr/4.9.2/avr5\libgcc.a
LOAD c:/program files (x86)/atmel/avr tools/avr toolchain/bin/../lib/gcc/avr/4.9.2/../../../../avr/lib/avr5\libm.a
LOAD c:/program files (x86)/atmel/avr tools/avr toolchain/bin/../lib/gcc/avr/4.9.2/../../../../avr/lib/avr5\libc.a
LOAD c:/program files (x86)/atmel/avr tools/avr toolchain/bin/../lib/gcc/avr/4.9.2/../../../../avr/lib/avr5\libatmega328p.a
END GROUP

.hash
 *(.hash)

.dynsym
 *(.dynsym)

.dynstr
 *(.dynstr)

.gnu.version
 *(.gnu.version)

.gnu.version_d
 *(.gnu.version_d)

.gnu.version_r
 *(.gnu.version_r)

.rel.init
 *(.rel.init)

.rela.init
 *(.rela.init)

.rel.text
 *(.rel.text)
 *(.rel.text.*)
 *(.rel.gnu.linkonce.t*)

.rela.text
 *(.rela.text)
 *(.rela.text.*)
 *(.rela.gnu.linkonce.t*)

.rel.fini
 *(.rel.fini)

.rela.fini
 *(.rela.fini)

.rel.rodata
 *(.rel.rodata)
 *(.rel.rodata.*)
 *(.rel.gnu.linkonce.r*)

.rela.rodata
 *(.rela.rodata)
 *(.rela.rodata.*)
 *(.rela.gnu.linkonce.r*)

.rel.data
 *(.rel.data)
 *(.rel.data.*)
 *(.rel.gnu.linkonce.d*)

.rela.data
 *(.rela.data)
 *(.rela.data.*)
 *(.rela.gnu.linkonce.d*)

.rel.ctors
 *(.rel.ctors)

.rela.ctors
 *(.rela.ctors)

.rel.dtors
 *(.rel.dtors)

.rela.dtors
 *(.rela.dtors)

.rel.got
 *(.rel.got)

.rela.got
 *(.rela.got)

.rel.bss
 *(.rel.bss)

.rela.bss
 *(.rela.bss)

.rel.plt
 *(.rel.plt)

.rela.plt
 *(.rela.plt)

.text           0x00000000     0x2274
 *(.vectors)
 .vectors       0x00000000       0x68 c:/program files (x86)/atmel/avr tools/avr toolchain/bin/../lib/gcc/avr/4.9.2/../../../../avr/lib/avr5/crtatmega328p.o
                0x00000000                __vector_default
                0x00000000                __vectors
 *(.vectors)
 *(.progmem.gcc*)
                0x00000068                . = ALIGN (0x2)
                0x00000068                __trampolines_start = .
 *(.trampolines)
 .trampolines   0x00000068        0x0 linker stubs
 *(.trampolines*)
                0x00000068                __trampolines_end = .
 *(.progmem*)
 .progmem.data.__c.2485
                0x00000068        0x3 ./komendy_at.o
 .progmem.data.__c.2483
                0x0000006b        0x3 ./komendy_at.o
 .progmem.data.__c.2473
                0x0000006e        0x3 ./komendy_at.o
 .progmem.data.__c.2471
                0x00000071        0x3 ./komendy_at.o
 .progmem.data.__c.2464
                0x00000074        0x5 ./komendy_at.o
 .progmem.data.__c.2462
                0x00000079        0x8 ./komendy_at.o
 .progmem.data.__c.2460
                0x00000081       0x2c ./komendy_at.o
 .progmem.data.__c.2454
                0x000000ad        0x7 ./komendy_at.o
 .progmem.data.__c.2440
                0x000000b4        0x2 ./komendy_at.o
 .progmem.data.__c.2438
                0x000000b6        0x7 ./komendy_at.o
 .progmem.data.__c.2436
                0x000000bd       0x1b ./komendy_at.o
 .progmem.data.__c.2434
                0x000000d8        0x7 ./komendy_at.o
 .progmem.data.__c.2425
                0x000000df       0x10 ./komendy_at.o
 .progmem.data.__c.2423
                0x000000ef        0x6 ./komendy_at.o
 .progmem.data.__c.2421
                0x000000f5        0x6 ./komendy_at.o
 .progmem.data.__c.2414
                0x000000fb       0x10 ./komendy_at.o
 .progmem.data.__c.2408
                0x0000010b        0xa ./komendy_at.o
 .progmem.data.__c.2406
                0x00000115        0x9 ./komendy_at.o
 .progmem.data.__c.2404
                0x0000011e        0xd ./komendy_at.o
 .progmem.data.__c.2402
                0x0000012b        0xd ./komendy_at.o
 .progmem.data.__c.2400
                0x00000138        0xa ./komendy_at.o
 .progmem.data.__c.2398
                0x00000142        0xb ./komendy_at.o
 .progmem.data.__c.2396
                0x0000014d        0xa ./komendy_at.o
 .progmem.data.__c.2394
                0x00000157        0xb ./komendy_at.o
 .progmem.data.__c.2392
                0x00000162        0xa ./komendy_at.o
 .progmem.data.__c.2390
                0x0000016c       0x16 ./komendy_at.o
 .progmem.data.__c.2388
                0x00000182       0x18 ./komendy_at.o
 .progmem.data.__c.2386
                0x0000019a        0xf ./komendy_at.o
 .progmem.data.__c.2384
                0x000001a9       0x16 ./komendy_at.o
 .progmem.data.__c.2382
                0x000001bf        0xa ./komendy_at.o
 .progmem.data.__c.2380
                0x000001c9        0xa ./komendy_at.o
 .progmem.data.__c.2378
                0x000001d3        0x9 ./komendy_at.o
 .progmem.data.__c.2376
                0x000001dc        0x8 ./komendy_at.o
 .progmem.data.__c.2374
                0x000001e4        0x8 ./komendy_at.o
 .progmem.data.__c.2372
                0x000001ec       0x11 ./komendy_at.o
 .progmem.data.__c.2370
                0x000001fd        0xa ./komendy_at.o
 .progmem.data.__c.2368
                0x00000207        0xa ./komendy_at.o
 .progmem.data.__c.2366
                0x00000211        0x9 ./komendy_at.o
 .progmem.data.__c.2364
                0x0000021a        0x8 ./komendy_at.o
 .progmem.data.__c.2362
                0x00000222        0xb ./komendy_at.o
 .progmem.data.__c.2360
                0x0000022d        0x9 ./komendy_at.o
 .progmem.data.__c.2358
                0x00000236        0x9 ./komendy_at.o
 .progmem.data.__c.2356
                0x0000023f        0xb ./komendy_at.o
 .progmem.data.__c.2354
                0x0000024a        0xe ./komendy_at.o
 .progmem.data.__c.2348
                0x00000258        0xe ./komendy_at.o
 .progmem.data.__c.2342
                0x00000266        0xe ./komendy_at.o
 .progmem.data.__c.2340
                0x00000274        0x7 ./komendy_at.o
 .progmem.data.__c.2338
                0x0000027b        0x5 ./komendy_at.o
 .progmem.data.__c.2336
                0x00000280        0xd ./komendy_at.o
 .progmem.data.__c.2334
                0x0000028d        0x9 ./komendy_at.o
 .progmem.data.__c.2332
                0x00000296        0xa ./komendy_at.o
 .progmem.data.__c.2330
                0x000002a0        0xf ./komendy_at.o
 .progmem.data.__c.2328
                0x000002af        0xd ./komendy_at.o
 .progmem.data.__c.2326
                0x000002bc        0x5 ./komendy_at.o
 .progmem.data.__c.2324
                0x000002c1        0x6 ./komendy_at.o
 .progmem.data.__c.2322
                0x000002c7        0xd ./komendy_at.o
 .progmem.data.__c.2320
                0x000002d4        0x5 ./komendy_at.o
 .progmem.data.__c.2318
                0x000002d9        0x6 ./komendy_at.o
 .progmem.data.__c.2316
                0x000002df        0xc ./komendy_at.o
 .progmem.data.__c.2314
                0x000002eb        0x5 ./komendy_at.o
 .progmem.data.__c.2312
                0x000002f0        0x6 ./komendy_at.o
 .progmem.data.__c.2310
                0x000002f6        0xc ./komendy_at.o
 .progmem.data.__c.2308
                0x00000302       0x11 ./komendy_at.o
 .progmem.data.__c.2306
                0x00000313        0x8 ./komendy_at.o
 .progmem.data.__c.2298
                0x0000031b       0x1a ./komendy_at.o
 .progmem.data.__c.2292
                0x00000335       0x30 ./komendy_at.o
 .progmem.data.__c.2290
                0x00000365       0x3d ./komendy_at.o
 .progmem.data.__c.2288
                0x000003a2       0x21 ./komendy_at.o
 .progmem.data.__c.2286
                0x000003c3       0x1c ./komendy_at.o
 .progmem.data.__c.2284
                0x000003df       0x20 ./komendy_at.o
 .progmem.data.__c.2282
                0x000003ff       0x16 ./komendy_at.o
 .progmem.data.__c.2280
                0x00000415        0x3 ./komendy_at.o
 .progmem.data.__c.2278
                0x00000418       0x1c ./komendy_at.o
 .progmem.data.__c.2276
                0x00000434       0x1c ./komendy_at.o
 .progmem.data.__c.2274
                0x00000450       0x1e ./komendy_at.o
 .progmem.data.__c.2268
                0x0000046e        0x5 ./komendy_at.o
 .progmem.data.__c.2262
                0x00000473        0x8 ./komendy_at.o
 .progmem.data.__c.2248
                0x0000047b        0x8 ./komendy_at.o
 .progmem.data.__c.2246
                0x00000483        0x5 ./komendy_at.o
 .progmem.data.__c.2235
                0x00000488        0x8 ./komendy_at.o
 .progmem.data.polecenia_at
                0x00000490       0x46 ./komendy_at.o
                0x00000490                polecenia_at
 .progmem.data.__c.2277
                0x000004d6       0x10 ./main.o
 .progmem.data.__c.2275
                0x000004e6       0x16 ./main.o
 .progmem.data.__c.2273
                0x000004fc        0x4 ./main.o
 .progmem.data.__c.2271
                0x00000500        0xf ./main.o
 .progmem.data.__c.2269
                0x0000050f       0x23 ./main.o
 .progmem.data.__c.2259
                0x00000532       0x13 ./main.o
 .progmem.data.__c.2257
                0x00000545        0x4 ./main.o
 .progmem.data.__c.2255
                0x00000549        0xa ./main.o
 .progmem.data.__c.2243
                0x00000553       0x14 ./main.o
 .progmem.data.__c.2241
                0x00000567        0xd ./main.o
 .progmem.data.nRF24_Config
                0x00000574       0x34 ./nrf24.o
                0x00000574                nRF24_Config
                0x000005a8                . = ALIGN (0x2)
 *(.jumptables)
 *(.jumptables*)
 *(.lowtext)
 *(.lowtext*)
                0x000005a8                __ctors_start = .
 *(.ctors)
                0x000005a8                __ctors_end = .
                0x000005a8                __dtors_start = .
 *(.dtors)
                0x000005a8                __dtors_end = .
 SORT(*)(.ctors)
 SORT(*)(.dtors)
 *(.init0)
 .init0         0x000005a8        0x0 c:/program files (x86)/atmel/avr tools/avr toolchain/bin/../lib/gcc/avr/4.9.2/../../../../avr/lib/avr5/crtatmega328p.o
                0x000005a8                __init
 *(.init0)
 *(.init1)
 *(.init1)
 *(.init2)
 .init2         0x000005a8        0xc c:/program files (x86)/atmel/avr tools/avr toolchain/bin/../lib/gcc/avr/4.9.2/../../../../avr/lib/avr5/crtatmega328p.o
 *(.init2)
 *(.init3)
 .init3         0x000005b4        0xc ./main.o
                0x000005b4                __init3
 *(.init3)
 *(.init4)
 .init4         0x000005c0       0x16 c:/program files (x86)/atmel/avr tools/avr toolchain/bin/../lib/gcc/avr/4.9.2/avr5\libgcc.a(_copy_data.o)
                0x000005c0                __do_copy_data
 .init4         0x000005d6       0x10 c:/program files (x86)/atmel/avr tools/avr toolchain/bin/../lib/gcc/avr/4.9.2/avr5\libgcc.a(_clear_bss.o)
                0x000005d6                __do_clear_bss
 *(.init4)
 *(.init5)
 *(.init5)
 *(.init6)
 *(.init6)
 *(.init7)
 *(.init7)
 *(.init8)
 *(.init8)
 *(.init9)
 .init9         0x000005e6        0x8 c:/program files (x86)/atmel/avr tools/avr toolchain/bin/../lib/gcc/avr/4.9.2/../../../../avr/lib/avr5/crtatmega328p.o
 *(.init9)
 *(.text)
 .text          0x000005ee        0x4 c:/program files (x86)/atmel/avr tools/avr toolchain/bin/../lib/gcc/avr/4.9.2/../../../../avr/lib/avr5/crtatmega328p.o
                0x000005ee                __vector_22
                0x000005ee                __vector_24
                0x000005ee                __vector_12
                0x000005ee                __bad_interrupt
                0x000005ee                __vector_3
                0x000005ee                __vector_23
                0x000005ee                __vector_25
                0x000005ee                __vector_11
                0x000005ee                __vector_13
                0x000005ee                __vector_17
                0x000005ee                __vector_5
                0x000005ee                __vector_4
                0x000005ee                __vector_9
                0x000005ee                __vector_21
                0x000005ee                __vector_15
                0x000005ee                __vector_8
                0x000005ee                __vector_14
                0x000005ee                __vector_10
                0x000005ee                __vector_16
                0x000005ee                __vector_20
                0x000005f2                . = ALIGN (0x2)
 *(.text.*)
 .text.crc8     0x000005f2       0x32 ./crc8.o
                0x000005f2                crc8
 .text.DS18X20_meas_to_cel
                0x00000624       0xd0 ./ds18x20.o
                0x00000624                DS18X20_meas_to_cel
 .text.DS18X20_temp_minmax
                0x000006f4       0x40 ./ds18x20.o
                0x000006f4                DS18X20_temp_minmax
 .text.DS18X20_find_sensor
                0x00000734       0x34 ./ds18x20.o
                0x00000734                DS18X20_find_sensor
 .text.search_sensors
                0x00000768       0x86 ./ds18x20.o
                0x00000768                search_sensors
 .text.DS18X20_start_meas
                0x000007ee       0x42 ./ds18x20.o
                0x000007ee                DS18X20_start_meas
 .text.DS18X20_read_meas_single
                0x00000830       0xb6 ./ds18x20.o
                0x00000830                DS18X20_read_meas_single
 .text.at_service
                0x000008e6        0xc ./komendy_at.o
                0x000008e6                at_service
 .text.ati_service
                0x000008f2       0x5c ./komendy_at.o
                0x000008f2                ati_service
 .text.at_rst_service
                0x0000094e       0x32 ./komendy_at.o
                0x0000094e                at_rst_service
 .text.at_sta_service
                0x00000980      0x41e ./komendy_at.o
                0x00000980                at_sta_service
 .text.at_reg_service
                0x00000d9e       0xfc ./komendy_at.o
                0x00000d9e                at_reg_service
 .text.at_add_service
                0x00000e9a      0x21a ./komendy_at.o
                0x00000e9a                at_add_service
 .text.at_ch_service
                0x000010b4       0x6e ./komendy_at.o
                0x000010b4                at_ch_service
 .text.parse_uart_data
                0x00001122      0x2b0 ./komendy_at.o
                0x00001122                parse_uart_data
 .text.timer_isr
                0x000013d2      0x306 ./main.o
                0x000013d2                timer_isr
 .text.startup.main
                0x000016d8       0x82 ./main.o
                0x000016d8                main
 .text.register_uart_str_rx_event_callback
                0x0000175a        0xa ./mkuart.o
                0x0000175a                register_uart_str_rx_event_callback
 .text.USART_Init
                0x00001764       0x1e ./mkuart.o
                0x00001764                USART_Init
 .text.uart_putc
                0x00001782       0x30 ./mkuart.o
                0x00001782                uart_putc
 .text.uart_puts
                0x000017b2       0x18 ./mkuart.o
                0x000017b2                uart_puts
 .text.uart_puts_P
                0x000017ca       0x1e ./mkuart.o
                0x000017ca                uart_puts_P
 .text.uart_putint
                0x000017e8       0x3a ./mkuart.o
                0x000017e8                uart_putint
 .text.__vector_19
                0x00001822       0x58 ./mkuart.o
                0x00001822                __vector_19
 .text.uart_getc
                0x0000187a       0x34 ./mkuart.o
                0x0000187a                uart_getc
 .text.uart_get_str
                0x000018ae       0x44 ./mkuart.o
                0x000018ae                uart_get_str
 .text.UART_RX_STR_EVENT
                0x000018f2       0x44 ./mkuart.o
                0x000018f2                UART_RX_STR_EVENT
 .text.__vector_18
                0x00001936       0x66 ./mkuart.o
                0x00001936                __vector_18
 .text.nrf_get_status
                0x0000199c        0xc ./nrf24.o
                0x0000199c                nrf_get_status
 .text.nrf_flush_rx
                0x000019a8        0xc ./nrf24.o
                0x000019a8                nrf_flush_rx
 .text.nrf_flush_tx
                0x000019b4        0xc ./nrf24.o
                0x000019b4                nrf_flush_tx
 .text.nrf_write_register
                0x000019c0       0x26 ./nrf24.o
                0x000019c0                nrf_write_register
 .text.nrf_set_channel
                0x000019e6        0xa ./nrf24.o
                0x000019e6                nrf_set_channel
 .text.__vector_1
                0x000019f0       0x84 ./nrf24.o
                0x000019f0                __vector_1
 .text.nrf_read_register
                0x00001a74       0x10 ./nrf24.o
                0x00001a74                nrf_read_register
 .text.nrf_get_retransmission_count
                0x00001a84        0x6 ./nrf24.o
                0x00001a84                nrf_get_retransmission_count
 .text.nrf_set_rx_mode
                0x00001a8a       0x2a ./nrf24.o
                0x00001a8a                nrf_set_rx_mode
 .text.nrf_set_tx_mode
                0x00001ab4       0x28 ./nrf24.o
                0x00001ab4                nrf_set_tx_mode
 .text.nrf_send_int
                0x00001adc       0x52 ./nrf24.o
                0x00001adc                nrf_send_int
 .text.nrf_power_down
                0x00001b2e       0x1a ./nrf24.o
                0x00001b2e                nrf_power_down
 .text.nRF_IRQ_EVENT
                0x00001b48       0x26 ./nrf24.o
                0x00001b48                nRF_IRQ_EVENT
 .text.nrf_power_up
                0x00001b6e       0x1a ./nrf24.o
                0x00001b6e                nrf_power_up
 .text.nrf_read
                0x00001b88       0x30 ./nrf24.o
                0x00001b88                nrf_read
 .text.nrf_write
                0x00001bb8       0x32 ./nrf24.o
                0x00001bb8                nrf_write
 .text.nrf_set_rx_address
                0x00001bea       0x3c ./nrf24.o
                0x00001bea                nrf_set_rx_address
 .text.nrf_set_tx_address
                0x00001c26       0x52 ./nrf24.o
                0x00001c26                nrf_set_tx_address
 .text.nrf_init
                0x00001c78       0x46 ./nrf24.o
                0x00001c78                nrf_init
 .text.ow_input_pin_state
                0x00001cbe        0x6 ./onewire.o
                0x00001cbe                ow_input_pin_state
 .text.ow_parasite_enable
                0x00001cc4        0x6 ./onewire.o
                0x00001cc4                ow_parasite_enable
 .text.ow_reset
                0x00001cca       0x3e ./onewire.o
                0x00001cca                ow_reset
 .text.ow_bit_io
                0x00001d08       0x28 ./onewire.o
                0x00001d08                ow_bit_io
 .text.ow_byte_wr
                0x00001d30       0x22 ./onewire.o
                0x00001d30                ow_byte_wr
 .text.ow_byte_rd
                0x00001d52        0x6 ./onewire.o
                0x00001d52                ow_byte_rd
 .text.ow_rom_search
                0x00001d58       0x9a ./onewire.o
                0x00001d58                ow_rom_search
 .text.ow_command
                0x00001df2       0x48 ./onewire.o
                0x00001df2                ow_command
 .text.power_init
                0x00001e3a       0x2c ./power_save.o
                0x00001e3a                power_init
 .text.go_sleep
                0x00001e66       0x22 ./power_save.o
                0x00001e66                go_sleep
 .text.__vector_2
                0x00001e88       0x1e ./power_save.o
                0x00001e88                __vector_2
 .text.__vector_6
                0x00001ea6       0x5c ./power_save.o
                0x00001ea6                __vector_6
 .text.spi_init
                0x00001f02       0x14 ./spi.o
                0x00001f02                spi_init
 .text.spi_send_byte
                0x00001f16        0xa ./spi.o
                0x00001f16                spi_send_byte
 .text.spi_transmit_byte
                0x00001f20        0x8 ./spi.o
                0x00001f20                spi_transmit_byte
 .text.spi_send_buffer
                0x00001f28       0x3a ./spi.o
                0x00001f28                spi_send_buffer
 .text.spi_transmit_buffer
                0x00001f62       0x4c ./spi.o
                0x00001f62                spi_transmit_buffer
 .text.timer_init
                0x00001fae       0x26 ./timer.o
                0x00001fae                timer_init
 .text.register_Timer2_Event_Callback
                0x00001fd4        0xa ./timer.o
                0x00001fd4                register_Timer2_Event_Callback
 .text.TIMER_EVENT
                0x00001fde       0x20 ./timer.o
                0x00001fde                TIMER_EVENT
 .text.__vector_7
                0x00001ffe       0x46 ./timer.o
                0x00001ffe                __vector_7
 .text.libgcc.div
                0x00002044       0x28 c:/program files (x86)/atmel/avr tools/avr toolchain/bin/../lib/gcc/avr/4.9.2/avr5\libgcc.a(_divmodhi4.o)
                0x00002044                _div
                0x00002044                __divmodhi4
 .text.libgcc.div
                0x0000206c       0x28 c:/program files (x86)/atmel/avr tools/avr toolchain/bin/../lib/gcc/avr/4.9.2/avr5\libgcc.a(_udivmodhi4.o)
                0x0000206c                __udivmodhi4
 .text.avr-libc
                0x00002094       0x3c c:/program files (x86)/atmel/avr tools/avr toolchain/bin/../lib/gcc/avr/4.9.2/../../../../avr/lib/avr5\libc.a(atoi.o)
                0x00002094                atoi
 .text.avr-libc
                0x000020d0       0x30 c:/program files (x86)/atmel/avr tools/avr toolchain/bin/../lib/gcc/avr/4.9.2/../../../../avr/lib/avr5\libc.a(strncasecmp_P.o)
                0x000020d0                strncasecmp_P
 .text.avr-libc
                0x00002100        0xa c:/program files (x86)/atmel/avr tools/avr toolchain/bin/../lib/gcc/avr/4.9.2/../../../../avr/lib/avr5\libc.a(strtok.o)
                0x00002100                strtok
 .text.avr-libc
                0x0000210a       0x26 c:/program files (x86)/atmel/avr tools/avr toolchain/bin/../lib/gcc/avr/4.9.2/../../../../avr/lib/avr5\libc.a(strcasecmp.o)
                0x0000210a                strcasecmp
 .text.avr-libc
                0x00002130       0x16 c:/program files (x86)/atmel/avr tools/avr toolchain/bin/../lib/gcc/avr/4.9.2/../../../../avr/lib/avr5\libc.a(strchr.o)
                0x00002130                strchr
 .text.avr-libc
                0x00002146       0x30 c:/program files (x86)/atmel/avr tools/avr toolchain/bin/../lib/gcc/avr/4.9.2/../../../../avr/lib/avr5\libc.a(strncasecmp.o)
                0x00002146                strncasecmp
 .text.avr-libc
                0x00002176       0x1c c:/program files (x86)/atmel/avr tools/avr toolchain/bin/../lib/gcc/avr/4.9.2/../../../../avr/lib/avr5\libc.a(strpbrk.o)
                0x00002176                strpbrk
 .text.avr-libc
                0x00002192       0x4e c:/program files (x86)/atmel/avr tools/avr toolchain/bin/../lib/gcc/avr/4.9.2/../../../../avr/lib/avr5\libc.a(strtok_r.o)
                0x00002192                strtok_r
 .text.avr-libc
                0x000021e0       0x16 c:/program files (x86)/atmel/avr tools/avr toolchain/bin/../lib/gcc/avr/4.9.2/../../../../avr/lib/avr5\libc.a(itoa.o)
                0x000021e0                __itoa
                0x000021e0                itoa
 .text.avr-libc
                0x000021f6       0x16 c:/program files (x86)/atmel/avr tools/avr toolchain/bin/../lib/gcc/avr/4.9.2/../../../../avr/lib/avr5\libc.a(itoa_ncheck.o)
                0x000021f6                __itoa_ncheck
 .text.avr-libc
                0x0000220c       0x10 c:/program files (x86)/atmel/avr tools/avr toolchain/bin/../lib/gcc/avr/4.9.2/../../../../avr/lib/avr5\libc.a(mul10.o)
                0x0000220c                __mulhi_const_10
 .text.avr-libc
                0x0000221c       0x34 c:/program files (x86)/atmel/avr tools/avr toolchain/bin/../lib/gcc/avr/4.9.2/../../../../avr/lib/avr5\libc.a(utoa_ncheck.o)
                0x0000221c                __utoa_ncheck
                0x0000221e                __utoa_common
 .text.avr-libc
                0x00002250       0x20 c:/program files (x86)/atmel/avr tools/avr toolchain/bin/../lib/gcc/avr/4.9.2/../../../../avr/lib/avr5\libc.a(strrev.o)
                0x00002250                strrev
                0x00002270                . = ALIGN (0x2)
 *(.fini9)
 .fini9         0x00002270        0x0 c:/program files (x86)/atmel/avr tools/avr toolchain/bin/../lib/gcc/avr/4.9.2/avr5\libgcc.a(_exit.o)
                0x00002270                _exit
                0x00002270                exit
 *(.fini9)
 *(.fini8)
 *(.fini8)
 *(.fini7)
 *(.fini7)
 *(.fini6)
 *(.fini6)
 *(.fini5)
 *(.fini5)
 *(.fini4)
 *(.fini4)
 *(.fini3)
 *(.fini3)
 *(.fini2)
 *(.fini2)
 *(.fini1)
 *(.fini1)
 *(.fini0)
 .fini0         0x00002270        0x4 c:/program files (x86)/atmel/avr tools/avr toolchain/bin/../lib/gcc/avr/4.9.2/avr5\libgcc.a(_exit.o)
 *(.fini0)
                0x00002274                _etext = .

.data           0x00800100       0x42 load address 0x00002274
                0x00800100                PROVIDE (__data_start, .)
 *(.data)
 *(.data*)
 .data.t_max    0x00800100        0x2 ./main.o
                0x00800100                t_max
 .data.t_min    0x00800102        0x2 ./main.o
                0x00800102                t_min
 .data.RX1_Address
                0x00800104        0x5 ./nrf24.o
                0x00800104                RX1_Address
 .data.RX0_Address
                0x00800109        0x5 ./nrf24.o
                0x00800109                RX0_Address
 .data.nrf_ch   0x0080010e        0x1 ./nrf24.o
                0x0080010e                nrf_ch
 *(.rodata)
 .rodata        0x0080010f       0x10 ./ds18x20.o
 *(.rodata*)
 .rodata.str1.1
                0x0080011f       0x1c ./komendy_at.o
                                 0x21 (size before relaxing)
 .rodata.str1.1
                0x0080013b        0x6 ./main.o
                                  0x9 (size before relaxing)
 *(.gnu.linkonce.d*)
                0x00800142                . = ALIGN (0x2)
 *fill*         0x00800141        0x1 
                0x00800142                _edata = .
                0x00800142                PROVIDE (__data_end, .)

.bss            0x00800142       0xbf
                0x00800142                PROVIDE (__bss_start, .)
 *(.bss)
 .bss           0x00800142        0x2 c:/program files (x86)/atmel/avr tools/avr toolchain/bin/../lib/gcc/avr/4.9.2/../../../../avr/lib/avr5\libc.a(strtok.o)
 *(.bss*)
 .bss.uart_rx_str_event_callback
                0x00800144        0x2 ./mkuart.o
 .bss.wdt_licznik.1819
                0x00800146        0x1 ./power_save.o
 .bss.licznik.1667
                0x00800147        0x1 ./timer.o
 .bss.Timer2_Event_Callback
                0x00800148        0x2 ./timer.o
 *(COMMON)
 COMMON         0x0080014a        0x8 ./ds18x20.o
                0x0080014a                gSensorIDs
 COMMON         0x00800152       0x15 ./komendy_at.o
                0x00800152                nRF_TX_buf
 COMMON         0x00800167       0x6a ./main.o
                0x00800167                onew_n
                0x00800168                cel_fract_bits
                0x00800169                licznik
                0x0080016a                subzero
                0x0080016b                bufor
                0x008001cf                ds_err
                0x008001d0                cel
 COMMON         0x008001d1       0x27 ./mkuart.o
                0x008001d1                UART_TxHead
                0x008001d2                ascii_line
                0x008001d3                UART_TxTail
                0x008001d4                UART_TxBuf
                0x008001d6                UART_RxHead
                0x008001d7                UART_RxTail
                0x008001d8                UART_RxBuf
 COMMON         0x008001f8        0x6 ./nrf24.o
                0x008001f8                nrf_rx_buffer
                0x008001fb                TX_flag
                0x008001fc                MAX_RT_flag
                0x008001fd                RX_flag
 COMMON         0x008001fe        0x1 ./power_save.o
                0x008001fe                int1_flag
 COMMON         0x008001ff        0x2 ./timer.o
                0x008001ff                sekundy
                0x00800200                sek_flag
                0x00800201                PROVIDE (__bss_end, .)
                0x00002274                __data_load_start = LOADADDR (.data)
                0x000022b6                __data_load_end = (__data_load_start + SIZEOF (.data))

.noinit         0x00800201        0x0
                0x00800201                PROVIDE (__noinit_start, .)
 *(.noinit*)
                0x00800201                PROVIDE (__noinit_end, .)
                0x00800201                _end = .
                0x00800201                PROVIDE (__heap_start, .)

.eeprom         0x00810000        0x0
 *(.eeprom*)
                0x00810000                __eeprom_end = .

.fuse
 *(.fuse)
 *(.lfuse)
 *(.hfuse)
 *(.efuse)

.lock
 *(.lock*)

.signature
 *(.signature*)

.user_signatures
 *(.user_signatures*)

.stab
 *(.stab)

.stabstr
 *(.stabstr)

.stab.excl
 *(.stab.excl)

.stab.exclstr
 *(.stab.exclstr)

.stab.index
 *(.stab.index)

.stab.indexstr
 *(.stab.indexstr)

.comment        0x00000000       0x30
 *(.comment)
 .comment       0x00000000       0x30 ./crc8.o
                                 0x31 (size before relaxing)
 .comment       0x00000030       0x31 ./ds18x20.o
 .comment       0x00000030       0x31 ./komendy_at.o
 .comment       0x00000030       0x31 ./main.o
 .comment       0x00000030       0x31 ./mkuart.o
 .comment       0x00000030       0x31 ./nrf24.o
 .comment       0x00000030       0x31 ./onewire.o
 .comment       0x00000030       0x31 ./power_save.o
 .comment       0x00000030       0x31 ./spi.o
 .comment       0x00000030       0x31 ./timer.o
 .comment       0x00000030       0x31 c:/program files (x86)/atmel/avr tools/avr toolchain/bin/../lib/gcc/avr/4.9.2/../../../../avr/lib/avr5\libc.a(strtok.o)

.note.gnu.avr.deviceinfo
                0x00000000       0x40
 .note.gnu.avr.deviceinfo
                0x00000000       0x40 c:/program files (x86)/atmel/avr tools/avr toolchain/bin/../lib/gcc/avr/4.9.2/../../../../avr/lib/avr5/crtatmega328p.o

.note.gnu.build-id
 *(.note.gnu.build-id)

.debug
 *(.debug)

.line
 *(.line)

.debug_srcinfo
 *(.debug_srcinfo)

.debug_sfnames
 *(.debug_sfnames)

.debug_aranges
 *(.debug_aranges)

.debug_pubnames
 *(.debug_pubnames)

.debug_info
 *(.debug_info .gnu.linkonce.wi.*)

.debug_abbrev
 *(.debug_abbrev)

.debug_line
 *(.debug_line .debug_line.* .debug_line_end)

.debug_frame
 *(.debug_frame)

.debug_str
 *(.debug_str)

.debug_loc
 *(.debug_loc)

.debug_macinfo
 *(.debug_macinfo)

.debug_weaknames
 *(.debug_weaknames)

.debug_funcnames
 *(.debug_funcnames)

.debug_typenames
 *(.debug_typenames)

.debug_varnames
 *(.debug_varnames)

.debug_pubtypes
 *(.debug_pubtypes)

.debug_ranges
 *(.debug_ranges)

.debug_macro
 *(.debug_macro)
OUTPUT(NRF24_N_SOLAR_LION3.elf elf32-avr)
LOAD linker stubs
